Found 10 symbols:

**test_function** (Function)
/TEST_OUTPUT/workspace/main.py:6:1

**TestClass** (Class)
/TEST_OUTPUT/workspace/main.py:18:1

**__init__** (Method)
/TEST_OUTPUT/workspace/main.py:23:5
  Container: TestClass

**test_method** (Method)
/TEST_OUTPUT/workspace/main.py:31:5
  Container: TestClass

**static_method** (Method)
/TEST_OUTPUT/workspace/main.py:43:5
  Container: TestClass

**BaseClass** (Class)
/TEST_OUTPUT/workspace/main.py:62:1

**base_method** (Method)
/TEST_OUTPUT/workspace/main.py:65:5
  Container: BaseClass

**DerivedClass** (Class)
/TEST_OUTPUT/workspace/main.py:70:1

**derived_method** (Method)
/TEST_OUTPUT/workspace/main.py:73:5
  Container: DerivedClass

**main** (Function)
/TEST_OUTPUT/workspace/main.py:88:1

